src/pages/admin/SiteConfig.tsx(5,50): error TS6133: 'Edit2' is declared but its value is never read.
src/pages/admin/SiteConfig.tsx(256,11): error TS6133: 'handleEdit' is declared but its value is never read.
